<guidelines><recommendation id="recommendation0" link="http://www.helsebiblioteket.no/retningslinjer/hjerneslag/metode-og-kunnskapsgrunnlag/nasjonale-retningslinjer"><guidelinebreadcrumb><a href="http://www.helsebiblioteket.no/retningslinjer/hjerneslag/metode-og-kunnskapsgrunnlag">Metode og kunnskapsgrunnlag</a>
<p>&#160;<strong>&gt;&#160;</strong></p>
</guidelinebreadcrumb><h2 class="chapterheading">1.1 Hva er nasjonale faglige retningslinjer?</h2>

<div id="recommendations">
<p>her er en beskrivende tekst</p>
<table class="recommendation">
<tr>
<th>
<p>Anbefalinger&#160;:&#160; test tidlig st&#248;ttet utskriving (ESD)</p>
</th>
<th>
<p>Grad</p>
</th>
<th>
<p>Niv&#229;</p>
</th>
</tr>
<tr>
<td>
<p>Pasienter i byer og bypregede str&#248;k med mild og moderat funksjonssvikt b&#248;r bli utskrevet direkte fra sykehus til hjemmet med oppf&#248;lging av ambulerende slagteam, og f&#229; et rehabiliteringstilbud i hjemmet eller i dagavdeling der dette er mulig. God samhandling mellom sykehus og kommunehelsetjeneste er en viktig forutsetning</p>
</td>
<td>
<p>A</p>
</td>
<td>
<p>1a</p>
</td>
</tr>
<tr>
<td>
<p>Samhandling mellom forvaltningsniv&#229;ene kan ha sin basis i overordnede samhandlingsavtaler som er tilpasset de lokale forholdene.</p>
</td>
<td>
<p>C</p>
</td>
<td>
<p>4</p>
</td>
</tr>
<tr>
<td>
<p>Har ingen symptomer</p>
</td>
<td>
<p>C</p>
</td>
<td>
<p>3</p>
</td>
</tr>
</table>
</div>
</recommendation></guidelines>